// Jest Snapshot v1, https://goo.gl/fbAQLP

exports[`<SubscriptionPage /> should render a redirect spinner 1`] = `
<div
  className="subscription-page page__payment container-fluid py-5"
>
  <div>
    <div
      className="d-flex justify-content-center align-items-center flex-column"
      style={
        Object {
          "height": "50vh",
        }
      }
    >
      <div
        className="spinner-border text-primary"
        role="status"
      >
        <span
          className="sr-only"
        >
          Loading subscription...
        </span>
      </div>
    </div>
  </div>
</div>
`;

exports[`<SubscriptionPage /> should render the loading skeleton for SubscriptionPage 1`] = `
<div
  className="subscription-page page__payment container-fluid py-5"
>
  <div>
    <div
      className="d-flex justify-content-center align-items-center flex-column"
      style={
        Object {
          "height": "50vh",
        }
      }
    >
      <div
        className="spinner-border text-primary"
        role="status"
      >
        <span
          className="sr-only"
        >
          Loading subscription...
        </span>
      </div>
    </div>
  </div>
</div>
`;

exports[`<SubscriptionPage /> should render the subscription details 1`] = `
<div
  className="subscription-page page__payment container-fluid py-5"
>
  <div
    className="row"
  >
    <h1
      className="sr-only"
    >
      Subscription Payment
    </h1>
    <div
      className="col-md-5 pr-lg-5 col-basket-summary"
    >
      <section
        aria-label="Shopping Cart Details"
        aria-live="polite"
        aria-relevant="all"
      >
        <div>
          <span
            className="sr-only"
          >
            Shopping details are loaded.
          </span>
          <div
            className="basket-section"
          >
            <h5
              aria-level="2"
            >
              In your cart
            </h5>
            <div
              className=""
            >
              <div
                className="heading-badge-wrapper"
              >
                <h3
                  aria-level="2"
                  className="mb-0"
                >
                  Blockchain Fundamentals
                </h3>
                <span
                  className="badge badge-light"
                >
                  Subscription
                </span>
              </div>
              <h4
                aria-level="2"
                className="mb-0"
              >
                Professional Certificate
              </h4>
              <p
                aria-level="2"
                className="body small mb-5"
              >
                University of California, Berkeley
              </p>
              <h5>
                Included with your subscription:
              </h5>
            </div>
            <div
              className="row align-items-center mb-3 product-wrapper"
            >
              <div
                className="col-5"
              >
                <div
                  className="embed-responsive embed-responsive-16by9"
                >
                  <img
                    alt=""
                    className="img-thumbnail product-thumbnail"
                    src="https://edx.org/vot.png"
                  />
                </div>
              </div>
              <div
                className="col-7"
              >
                <h6
                  aria-level="3"
                  className="m-0"
                >
                  Introduction to Llamass
                </h6>
                <p
                  className="m-0"
                >
                  Verified Certificate
                </p>
              </div>
            </div>
          </div>
          <div
            aria-labelledby="summary-heading"
            aria-live="polite"
            className="basket-section"
            role="region"
          >
            <h5
              aria-level="2"
              id="summary-heading"
            >
              Summary
            </h5>
            <div
              className="summary-row d-flex"
            >
              <span
                className="flex-grow-1"
              >
                Price
              </span>
              <span
                className="summary-price"
              >
                /month USD after 7-day free trial
              </span>
            </div>
            <div
              className="summary-row font-weight-bold d-flex"
            >
              <span
                className="flex-grow-1"
              >
                Today's total
              </span>
              <span
                className="text-right"
              >
                $49.00
              </span>
            </div>
          </div>
          <div
            className="basket-section order-details"
          >
            <h5
              aria-level="2"
            >
              Order details
            </h5>
            <p
              className="mb-2"
            >
              The above total includes any applicable taxes.
            </p>
            <p
              className="mb-2"
            >
              After you complete your order you will have verified access to each course in Blockchain Fundamentals.
            </p>
            <p>
              Cancel anytime.
            </p>
          </div>
          <p
            className="micro"
          >
            By signing up for a subscription or starting a free trial, you authorize us to charge your card on file $49.00/month for Blockchain Fundamentals and any applicable taxes. If you signed up for a trial, we wonâ€™t charge your card until the end of your trial period. Your Blockchain Fundamentals subscription continues until canceled. Monthly subscriptions can be canceled at any time by 
            <a
              className="pgn__hyperlink default-link standalone-link"
              href="https://support.edx.org/hc/en-us/sections/115004173027-Receive-and-Share-edX-Certificates"
              onClick={[Function]}
              target="_self"
            >
              contacting customer support.
            </a>
             Canceling a subscription stops the monthly recurring subscription charge, but doesn't refund the transaction for the current billing period. You can continue to access the subscription until the end of the then current billing period.
          </p>
        </div>
      </section>
    </div>
    <div
      className="col-md-7 pl-lg-5 checkout-wrapper"
    >
      <section
        aria-label="Subscription payment details."
      />
    </div>
  </div>
</div>
`;
