// Jest Snapshot v1, https://goo.gl/fbAQLP

exports[`<ApplePayButtonContainer /> should render properly 1`] = `
<button
  className="apple-pay-button payment-method-button undefined"
  disabled={false}
  id="applePayBtn"
  lang="en"
  onClick={[Function]}
  title="Pay with Apple Pay"
/>
`;
