// Jest Snapshot v1, https://goo.gl/fbAQLP

exports[`<ApplePayButton /> should render properly 1`] = `
<button
  className="apple-pay-button"
  disabled={false}
  id="applePayBtn"
  lang="en"
  title="Pay with Apple Pay"
  type="button"
/>
`;
